[0.019s][info][gc,init] CardTable entry size: 512
[0.020s][info][gc     ] Using G1
[0.021s][info][gc,init] Version: 19.0.2+7-44 (release)
[0.021s][info][gc,init] CPUs: 8 total, 8 available
[0.021s][info][gc,init] Memory: 8192M
[0.021s][info][gc,init] Large Page Support: Disabled
[0.021s][info][gc,init] NUMA Support: Disabled
[0.021s][info][gc,init] Compressed Oops: Enabled (Zero based)
[0.021s][info][gc,init] Heap Region Size: 1M
[0.021s][info][gc,init] Heap Min Capacity: 8M
[0.021s][info][gc,init] Heap Initial Capacity: 128M
[0.021s][info][gc,init] Heap Max Capacity: 2G
[0.021s][info][gc,init] Pre-touch: Disabled
[0.021s][info][gc,init] Parallel Workers: 8
[0.021s][info][gc,init] Concurrent Workers: 2
[0.021s][info][gc,init] Concurrent Refinement Workers: 8
[0.021s][info][gc,init] Periodic GC: Disabled
[0.022s][info][gc,metaspace] CDS archive(s) mapped at: [0x0000000800000000-0x0000000800c44000-0x0000000800c44000), size 12861440, SharedBaseAddress: 0x0000000800000000, ArchiveRelocationMode: 0.
[0.022s][info][gc,metaspace] Compressed class space mapped at: 0x0000000801000000-0x0000000841000000, reserved size: 1073741824
[0.022s][info][gc,metaspace] Narrow klass base: 0x0000000800000000, Narrow klass shift: 0, Narrow klass range: 0x100000000
[0.135s][info][gc,heap,exit] Heap
[0.135s][info][gc,heap,exit]  garbage-first heap   total 133120K, used 2960K [0x0000000780000000, 0x0000000800000000)
[0.135s][info][gc,heap,exit]   region size 1024K, 2 young (2048K), 0 survivors (0K)
[0.135s][info][gc,heap,exit]  Metaspace       used 138K, committed 320K, reserved 1114112K
[0.135s][info][gc,heap,exit]   class space    used 10K, committed 128K, reserved 1048576K
